Tests for Python 0x0A Task 7
============================

>>> BaseGeometry = __import__('7-base_geometry').BaseGeometry

>>> bg = BaseGeometry()

>>> bg.integer_validator("test", 98)

>>> bg.integer_validator("John", 3.14)
Traceback (most recent call last):
    ...
TypeError: John must be an integer

>>> bg.integer_validator("height", 0)
Traceback (most recent call last):
    ...
ValueError: height must be greater than 0

>>> bg.integer_validator("time", -202)
Traceback (most recent call last):
    ...
ValueError: time must be greater than 0

>>> bg.integer_validator("test")
Traceback (most recent call last):
    ...
TypeError: integer_validator() missing 1 required positional argument: 'value'
