Tests for Python 0x07 Task 2
============================

>>> say = __import__("3-say_my_name").say_my_name

>>> say("Bob", "Lenon")
My name is Bob Lenon

>>> say("Bob")
My name is Bob 

>>> say("Bob", 12)
Traceback (most recent call last):
    ...
TypeError: last_name must be a string

>>> say(12, "Lenon")
Traceback (most recent call last):
    ...
TypeError: first_name must be a string

>>> say()
Traceback (most recent call last):
    ...
TypeError: say_my_name() missing 1 required positional argument: 'first_name'
